------------------------------------------------------------
TimeQuest Timing Analyzer Summary
------------------------------------------------------------

Type  : Slow 1200mV 85C Model Setup 'clk'
Slack : -1.079
TNS   : -4.311

Type  : Slow 1200mV 85C Model Hold 'clk'
Slack : 0.434
TNS   : 0.000

Type  : Slow 1200mV 85C Model Recovery 'clk'
Slack : -0.898
TNS   : -7.184

Type  : Slow 1200mV 85C Model Removal 'clk'
Slack : 1.398
TNS   : 0.000

Type  : Slow 1200mV 85C Model Minimum Pulse Width 'clk'
Slack : -3.000
TNS   : -15.850

Type  : Slow 1200mV 0C Model Setup 'clk'
Slack : -0.875
TNS   : -3.224

Type  : Slow 1200mV 0C Model Hold 'clk'
Slack : 0.380
TNS   : 0.000

Type  : Slow 1200mV 0C Model Recovery 'clk'
Slack : -0.721
TNS   : -5.768

Type  : Slow 1200mV 0C Model Removal 'clk'
Slack : 1.263
TNS   : 0.000

Type  : Slow 1200mV 0C Model Minimum Pulse Width 'clk'
Slack : -3.000
TNS   : -15.850

Type  : Fast 1200mV 0C Model Setup 'clk'
Slack : -0.002
TNS   : -0.003

Type  : Fast 1200mV 0C Model Hold 'clk'
Slack : 0.195
TNS   : 0.000

Type  : Fast 1200mV 0C Model Recovery 'clk'
Slack : 0.088
TNS   : 0.000

Type  : Fast 1200mV 0C Model Removal 'clk'
Slack : 0.674
TNS   : 0.000

Type  : Fast 1200mV 0C Model Minimum Pulse Width 'clk'
Slack : -3.000
TNS   : -23.290

------------------------------------------------------------
